// Jest Snapshot v1, https://goo.gl/fbAQLP

exports[`Should render ExpenseListItem with data 1`] = `
<div>
  <Link
    to="/edit/1"
  >
    <h3>
      books
    </h3>
  </Link>
  <p>
    $300.00
    -
    January 1st, 1970
  </p>
</div>
`;
